[2026-07-30T17:22:57.604Z] Creating BrowserWindow...
[2026-07-30T17:22:57.714Z] Initializing Discord RPC...
[2026-07-30T17:22:57.748Z] [Discord RPC] Connected successfully to Discord Client!
[2026-07-30T17:22:57.749Z] Updating Discord Presence: Butterfly Mobile (com.butterfly.app)
[2026-07-30T17:22:57.925Z] Window loaded
[2026-07-30T17:22:58.200Z] SUCCESS: Presence set to "Butterfly Mobile" with logo https://raw.githubusercontent.com/walkxcode/dashboard-icons/main/png/android.png
[2026-07-30T17:23:02.303Z] IPC RECEIVED UPDATE_PRESENCE: {"appName":"Spotify","packageName":"com.spotify.music","icon":"logos:spotify-icon","startedAt":1785432182303}
[2026-07-30T17:23:02.304Z] Updating Discord Presence: Spotify (com.spotify.music)
[2026-07-30T17:23:02.309Z] IPC RECEIVED UPDATE_PRESENCE: {"type":"ACTIVITY_UPDATE","appName":"Spotify","packageName":"com.spotify.music","icon":"logos:spotify-icon","customTitle":null,"startedAt":1785432182308}
[2026-07-30T17:23:02.310Z] Updating Discord Presence: Spotify (com.spotify.music)
[2026-07-30T17:23:02.758Z] SUCCESS: Presence set to "Spotify" with logo https://raw.githubusercontent.com/walkxcode/dashboard-icons/main/png/spotify.png
[2026-07-30T17:23:03.057Z] SUCCESS: Presence set to "Spotify" with logo https://raw.githubusercontent.com/walkxcode/dashboard-icons/main/png/spotify.png
[2026-07-30T17:27:51.283Z] Creating BrowserWindow...
[2026-07-30T17:27:51.376Z] Initializing Discord RPC...
[2026-07-30T17:27:51.428Z] [Discord RPC] Connected successfully to Discord Client!
[2026-07-30T17:27:51.430Z] Updating Discord Presence: Butterfly Mobile (com.butterfly.app)
[2026-07-30T17:27:51.442Z] SUCCESS: Presence set to "Butterfly Mobile" with logo https://raw.githubusercontent.com/walkxcode/dashboard-icons/main/png/android.png
[2026-07-30T17:27:51.976Z] Window loaded
[2026-07-30T17:28:08.296Z] IPC RECEIVED UPDATE_PRESENCE: {"appName":"Instagram","packageName":"com.instagram.android","logoUrl":"https://raw.githubusercontent.com/walkxcode/dashboard-icons/main/png/instagram.png","startedAt":1785432488294}
[2026-07-30T17:28:08.297Z] Updating Discord Presence: Instagram (com.instagram.android)
[2026-07-30T17:28:08.301Z] IPC RECEIVED UPDATE_PRESENCE: {"type":"ACTIVITY_UPDATE","appName":"Instagram","packageName":"com.instagram.android","icon":"logos:instagram-icon","customTitle":null,"startedAt":1785432488300}
[2026-07-30T17:28:08.303Z] Updating Discord Presence: Instagram (com.instagram.android)
[2026-07-30T17:28:08.771Z] SUCCESS: Presence set to "Instagram" with logo https://raw.githubusercontent.com/walkxcode/dashboard-icons/main/png/instagram.png
[2026-07-30T17:28:08.790Z] SUCCESS: Presence set to "Instagram" with logo https://raw.githubusercontent.com/walkxcode/dashboard-icons/main/png/instagram.png
[2026-07-30T17:28:15.459Z] IPC RECEIVED UPDATE_PRESENCE: {"appName":"Reddit","packageName":"com.reddit.frontpage","logoUrl":"https://raw.githubusercontent.com/walkxcode/dashboard-icons/main/png/reddit.png","startedAt":1785432495458}
[2026-07-30T17:28:15.459Z] Updating Discord Presence: Reddit (com.reddit.frontpage)
[2026-07-30T17:28:15.463Z] IPC RECEIVED UPDATE_PRESENCE: {"type":"ACTIVITY_UPDATE","appName":"Reddit","packageName":"com.reddit.frontpage","icon":"logos:reddit-icon","customTitle":null,"startedAt":1785432495462}
[2026-07-30T17:28:15.464Z] Updating Discord Presence: Reddit (com.reddit.frontpage)
[2026-07-30T17:28:15.913Z] SUCCESS: Presence set to "Reddit" with logo https://raw.githubusercontent.com/walkxcode/dashboard-icons/main/png/reddit.png
[2026-07-30T17:28:15.945Z] SUCCESS: Presence set to "Reddit" with logo https://raw.githubusercontent.com/walkxcode/dashboard-icons/main/png/reddit.png
[2026-07-30T17:28:21.050Z] IPC RECEIVED UPDATE_PRESENCE: {"appName":"Duolingo","packageName":"com.duolingo","logoUrl":"https://raw.githubusercontent.com/walkxcode/dashboard-icons/main/png/duolingo.png","startedAt":1785432501049}
[2026-07-30T17:28:21.051Z] Updating Discord Presence: Duolingo (com.duolingo)
[2026-07-30T17:28:21.054Z] IPC RECEIVED UPDATE_PRESENCE: {"type":"ACTIVITY_UPDATE","appName":"Duolingo","packageName":"com.duolingo","icon":"logos:duolingo-icon","customTitle":null,"startedAt":1785432501053}
[2026-07-30T17:28:21.055Z] Updating Discord Presence: Duolingo (com.duolingo)
[2026-07-30T17:28:21.080Z] SUCCESS: Presence set to "Duolingo" with logo https://raw.githubusercontent.com/walkxcode/dashboard-icons/main/png/android.png
[2026-07-30T17:28:21.120Z] SUCCESS: Presence set to "Duolingo" with logo https://raw.githubusercontent.com/walkxcode/dashboard-icons/main/png/android.png
[2026-07-30T17:28:24.589Z] IPC RECEIVED UPDATE_PRESENCE: {"appName":"Reddit","packageName":"com.reddit.frontpage","logoUrl":"https://raw.githubusercontent.com/walkxcode/dashboard-icons/main/png/reddit.png","startedAt":1785432504588}
[2026-07-30T17:28:24.590Z] Updating Discord Presence: Reddit (com.reddit.frontpage)
[2026-07-30T17:28:24.594Z] IPC RECEIVED UPDATE_PRESENCE: {"type":"ACTIVITY_UPDATE","appName":"Reddit","packageName":"com.reddit.frontpage","icon":"logos:reddit-icon","customTitle":null,"startedAt":1785432504593}
[2026-07-30T17:28:24.594Z] Updating Discord Presence: Reddit (com.reddit.frontpage)
[2026-07-30T17:28:24.596Z] SUCCESS: Presence set to "Reddit" with logo https://raw.githubusercontent.com/walkxcode/dashboard-icons/main/png/reddit.png
[2026-07-30T17:28:24.634Z] SUCCESS: Presence set to "Reddit" with logo https://raw.githubusercontent.com/walkxcode/dashboard-icons/main/png/reddit.png
[2026-07-30T17:28:26.589Z] IPC RECEIVED UPDATE_PRESENCE: {"clear":true}
[2026-07-30T17:28:26.589Z] Updating Discord Presence: undefined (undefined)
[2026-07-30T17:28:26.590Z] [Discord RPC] Cleared Activity
[2026-07-30T17:28:29.437Z] IPC RECEIVED UPDATE_PRESENCE: {"appName":"Instagram","packageName":"com.instagram.android","logoUrl":"https://raw.githubusercontent.com/walkxcode/dashboard-icons/main/png/instagram.png","startedAt":1785432509436}
[2026-07-30T17:28:29.438Z] Updating Discord Presence: Instagram (com.instagram.android)
[2026-07-30T17:28:29.442Z] IPC RECEIVED UPDATE_PRESENCE: {"type":"ACTIVITY_UPDATE","appName":"Instagram","packageName":"com.instagram.android","icon":"logos:instagram-icon","customTitle":null,"startedAt":1785432509441}
[2026-07-30T17:28:29.443Z] Updating Discord Presence: Instagram (com.instagram.android)
[2026-07-30T17:28:29.521Z] SUCCESS: Presence set to "Instagram" with logo https://raw.githubusercontent.com/walkxcode/dashboard-icons/main/png/instagram.png
[2026-07-30T17:28:29.543Z] SUCCESS: Presence set to "Instagram" with logo https://raw.githubusercontent.com/walkxcode/dashboard-icons/main/png/instagram.png
