[2026-07-30T17:16:26.425Z] Creating BrowserWindow...
[2026-07-30T17:16:26.526Z] Initializing Discord RPC...
[2026-07-30T17:16:26.576Z] [Discord RPC] Connected successfully to Discord Client!
[2026-07-30T17:16:26.577Z] Attempting to set activity to: Using Butterfly Mobile...
[2026-07-30T17:16:26.592Z] SUCCESS: Discord status set to "Using Butterfly Mobile"
[2026-07-30T17:16:26.714Z] Window loaded
[2026-07-30T17:16:55.201Z] Creating BrowserWindow...
[2026-07-30T17:16:55.309Z] Initializing Discord RPC...
[2026-07-30T17:16:55.344Z] [Discord RPC] Connected successfully to Discord Client!
[2026-07-30T17:16:55.345Z] Attempting to set activity to: Using Butterfly Mobile...
[2026-07-30T17:16:55.358Z] SUCCESS: Discord status set to "Using Butterfly Mobile"
[2026-07-30T17:16:55.519Z] Window loaded
[2026-07-30T17:16:57.290Z] IPC RECEIVED UPDATE_PRESENCE: {"appName":"Spotify","packageName":"com.spotify.music","icon":"logos:spotify-icon","startedAt":1785431817289}
[2026-07-30T17:16:57.291Z] Attempting to set activity to: Using Spotify...
[2026-07-30T17:16:57.295Z] IPC RECEIVED UPDATE_PRESENCE: {"type":"ACTIVITY_UPDATE","appName":"Spotify","packageName":"com.spotify.music","icon":"logos:spotify-icon","customTitle":null,"startedAt":1785431817293}
[2026-07-30T17:16:57.296Z] Attempting to set activity to: Using Spotify...
[2026-07-30T17:16:57.324Z] SUCCESS: Discord status set to "Using Spotify"
[2026-07-30T17:16:57.351Z] SUCCESS: Discord status set to "Using Spotify"
[2026-07-30T17:17:10.777Z] IPC RECEIVED UPDATE_PRESENCE: {"appName":"Netflix","packageName":"com.netflix.mediaclient","icon":"logos:netflix-icon","startedAt":1785431830776}
[2026-07-30T17:17:10.777Z] Attempting to set activity to: Using Netflix...
[2026-07-30T17:17:10.783Z] IPC RECEIVED UPDATE_PRESENCE: {"type":"ACTIVITY_UPDATE","appName":"Netflix","packageName":"com.netflix.mediaclient","icon":"logos:netflix-icon","customTitle":null,"startedAt":1785431830781}
[2026-07-30T17:17:10.784Z] Attempting to set activity to: Using Netflix...
[2026-07-30T17:17:10.807Z] SUCCESS: Discord status set to "Using Netflix"
[2026-07-30T17:17:10.829Z] SUCCESS: Discord status set to "Using Netflix"
